Removed Pin From Net: NetName=GND Pin=C16-1
Removed Pin From Net: NetName=GND Pin=C17-1
Removed Pin From Net: NetName=GND Pin=C21-1
Removed Pin From Net: NetName=GND Pin=C22-1
Removed Pin From Net: NetName=GND Pin=C23-1
Removed Pin From Net: NetName=GND Pin=C24-1
Removed Pin From Net: NetName=GND Pin=R14-2
Removed Pin From Net: NetName=GND Pin=R21-2
Removed Pin From Net: NetName=GND Pin=R30-2
Removed Pin From Net: NetName=GND Pin=R31-2
Removed Pin From Net: NetName=GND Pin=U4-5
Removed Pin From Net: NetName=GND Pin=U5-7
Removed Pin From Net: NetName=GND Pin=U6-5
Removed Pin From Net: NetName=GND Pin=U7-7
Added Pin To Net: NetName=EARTH Pin=C16-1
Added Pin To Net: NetName=EARTH Pin=C17-1
Added Pin To Net: NetName=EARTH Pin=C21-1
Added Pin To Net: NetName=EARTH Pin=C22-1
Added Pin To Net: NetName=EARTH Pin=C23-1
Added Pin To Net: NetName=EARTH Pin=C24-1
Added Pin To Net: NetName=EARTH Pin=R14-2
Added Pin To Net: NetName=EARTH Pin=R21-2
Added Pin To Net: NetName=EARTH Pin=R30-2
Added Pin To Net: NetName=EARTH Pin=R31-2
Added Pin To Net: NetName=EARTH Pin=U4-5
Added Pin To Net: NetName=EARTH Pin=U5-7
Added Pin To Net: NetName=EARTH Pin=U6-5
Added Pin To Net: NetName=EARTH Pin=U7-7
