Removed Pin From Net: NetName=+5 Pin=D3-C
Removed Pin From Net: NetName=+5 Pin=D7-C
Removed Pin From Net: NetName=GND Pin=J4-2
Removed Pin From Net: NetName=GND Pin=J7-2
Removed Pin From Net: NetName=+5 Pin=K1-COIL1
Removed Pin From Net: NetName=+5 Pin=K2-COIL1
Removed Pin From Net: NetName=GND Pin=Q1-2
Removed Pin From Net: NetName=GND Pin=Q2-2
Removed Pin From Net: NetName=+5 Pin=R2-2
Removed Pin From Net: NetName=GND Pin=R6-1
Removed Pin From Net: NetName=+5 Pin=R10-2
Removed Pin From Net: NetName=GND Pin=R13-1
Removed Pin From Net: NetName=SCL Pin=R57-1
Removed Pin From Net: NetName=+5 Pin=U1-4
Removed Pin From Net: NetName=+5 Pin=U2-4
Removed Pin From Net: NetName=GND Pin=U4-2
Removed Pin From Net: NetName=GND Pin=U5-2
Removed Member From Class: ClassName=QR_Scanning_V1_STM32 Member=J4
Removed Member From Class: ClassName=QR_Scanning_V1_STM32 Member=J7
Change Component Designator: OldDesignator=EARTH NewDesignator=EARTHING_VIA HOLE_3.65MM
Added Component: Designator=C?(CAP CER 0.1uF/50V 5%)
Add component (AddParameter): Name = "Check_prices"; Value = "https://www.snapeda.com/parts/CL21B104KCFNNNE/Samsung+Electro-Mechanics/view-part/?ref=eda"; VariantName = "[No Variations]"
Add component (AddParameter): Name = "Digi-Key_Part_Number"; Value = "1276-6840-2-ND"; VariantName = "[No Variations]"
Add component (AddParameter): Name = "MF"; Value = "Samsung"; VariantName = "[No Variations]"
Add component (AddParameter): Name = "MP"; Value = "CL21B104KCFNNNE"; VariantName = "[No Variations]"
Add component (AddParameter): Name = "Package"; Value = "0805 Samsung"; VariantName = "[No Variations]"
Add component (AddParameter): Name = "Purchase-URL"; Value = "https://pricing.snapeda.com/search?q=CL21B104KCFNNNE&ref=eda"; VariantName = "[No Variations]"
Add component (AddParameter): Name = "SnapEDA_Link"; Value = "https://www.snapeda.com/parts/CL21B104KCFNNNE/Samsung+Electro-Mechanics/view-part/?ref=snap"; VariantName = "[No Variations]"
Add component (AddParameter): Name = "Value"; Value = ""; VariantName = "[No Variations]"
Added Component: Designator=C?(CAP ELE 10µF 25V TH)
Add component (AddParameter): Name = "Check_prices"; Value = "https://www.snapeda.com/parts/ECEA1EN100UI/Panasonic/view-part/5788532/?ref=eda"; VariantName = "[No Variations]"
Add component (AddParameter): Name = "Digi-Key_Part_Number"; Value = "ECE-A1EN100UI-ND"; VariantName = "[No Variations]"
Add component (AddParameter): Name = "MF"; Value = "Panasonic"; VariantName = "[No Variations]"
Add component (AddParameter): Name = "MP"; Value = "ECEA1EN100UI"; VariantName = "[No Variations]"
Add component (AddParameter): Name = "Package"; Value = "RADIAL-2 Panasonic"; VariantName = "[No Variations]"
Add component (AddParameter): Name = "Purchase-URL"; Value = "https://pricing.snapeda.com/search/part/ECEA1EN100UI/?ref=eda"; VariantName = "[No Variations]"
Add component (AddParameter): Name = "SnapEDA_Link"; Value = "https://www.snapeda.com/parts/ECEA1EN100UI/Panasonic/view-part/5788532/?ref=snap"; VariantName = "[No Variations]"
Add component (AddParameter): Name = "Value"; Value = ""; VariantName = "[No Variations]"
Added Component: Designator=C?(CAP ELE 10µF 25V TH)
Add component (AddParameter): Name = "Check_prices"; Value = "https://www.snapeda.com/parts/ECEA1EN100UI/Panasonic/view-part/5788532/?ref=eda"; VariantName = "[No Variations]"
Add component (AddParameter): Name = "Digi-Key_Part_Number"; Value = "ECE-A1EN100UI-ND"; VariantName = "[No Variations]"
Add component (AddParameter): Name = "MF"; Value = "Panasonic"; VariantName = "[No Variations]"
Add component (AddParameter): Name = "MP"; Value = "ECEA1EN100UI"; VariantName = "[No Variations]"
Add component (AddParameter): Name = "Package"; Value = "RADIAL-2 Panasonic"; VariantName = "[No Variations]"
Add component (AddParameter): Name = "Purchase-URL"; Value = "https://pricing.snapeda.com/search/part/ECEA1EN100UI/?ref=eda"; VariantName = "[No Variations]"
Add component (AddParameter): Name = "SnapEDA_Link"; Value = "https://www.snapeda.com/parts/ECEA1EN100UI/Panasonic/view-part/5788532/?ref=snap"; VariantName = "[No Variations]"
Add component (AddParameter): Name = "Value"; Value = ""; VariantName = "[No Variations]"
Added Component: Designator=J10(10 Pin 5X2Pos THT)
Add component (AddParameter): Name = "Availability"; Value = "Unavailable"; VariantName = "[No Variations]"
Add component (AddParameter): Name = "MF"; Value = "{'manufacturer': u'Samtec Inc.'}"; VariantName = "[No Variations]"
Add component (AddParameter): Name = "MP"; Value = "MTSW-105-X-X-D-X"; VariantName = "[No Variations]"
Add component (AddParameter): Name = "Package"; Value = "None"; VariantName = "[No Variations]"
Add component (AddParameter): Name = "Price"; Value = "None"; VariantName = "[No Variations]"
Add component (AddParameter): Name = "Value"; Value = ""; VariantName = "[No Variations]"
Added Component: Designator=J?(3 Pin Terminal Block 5MM RA)
Add component (AddParameter): Name = "Availability"; Value = "Unavailable"; VariantName = "[No Variations]"
Add component (AddParameter): Name = "MF"; Value = "WAGO"; VariantName = "[No Variations]"
Add component (AddParameter): Name = "MP"; Value = "231-433/001-000"; VariantName = "[No Variations]"
Add component (AddParameter): Name = "Package"; Value = "None"; VariantName = "[No Variations]"
Add component (AddParameter): Name = "Price"; Value = "None"; VariantName = "[No Variations]"
Add component (AddParameter): Name = "SnapEDA_Link"; Value = "https://www.snapeda.com/parts/231-433/001-000/WAGO/view-part/482062/?ref=snap"; VariantName = "[No Variations]"
Add component (AddParameter): Name = "Value"; Value = ""; VariantName = "[No Variations]"
Added Component: Designator=J?(3 Pin Terminal Block 5MM RA)
Add component (AddParameter): Name = "Availability"; Value = "Unavailable"; VariantName = "[No Variations]"
Add component (AddParameter): Name = "MF"; Value = "WAGO"; VariantName = "[No Variations]"
Add component (AddParameter): Name = "MP"; Value = "231-433/001-000"; VariantName = "[No Variations]"
Add component (AddParameter): Name = "Package"; Value = "None"; VariantName = "[No Variations]"
Add component (AddParameter): Name = "Price"; Value = "None"; VariantName = "[No Variations]"
Add component (AddParameter): Name = "SnapEDA_Link"; Value = "https://www.snapeda.com/parts/231-433/001-000/WAGO/view-part/482062/?ref=snap"; VariantName = "[No Variations]"
Add component (AddParameter): Name = "Value"; Value = ""; VariantName = "[No Variations]"
Added Component: Designator=PS?(RFM-0505S)
Add component (AddParameter): Name = "Check_prices"; Value = "https://www.snapeda.com/parts/RFM-0505S/Recom+Power/view-part/?ref=eda"; VariantName = "[No Variations]"
Add component (AddParameter): Name = "MF"; Value = "Recom Power"; VariantName = "[No Variations]"
Add component (AddParameter): Name = "MP"; Value = "RFM-0505S"; VariantName = "[No Variations]"
Add component (AddParameter): Name = "Package"; Value = "SIP-4 Recom Power"; VariantName = "[No Variations]"
Add component (AddParameter): Name = "SnapEDA_Link"; Value = "https://www.snapeda.com/parts/RFM-0505S/Recom+Power/view-part/?ref=snap"; VariantName = "[No Variations]"
Add component (AddParameter): Name = "Value"; Value = ""; VariantName = "[No Variations]"
Added Component: Designator=R?(RES 0805 10K/0.25W 5%)
Add component (AddParameter): Name = "Availability"; Value = "In Stock"; VariantName = "[No Variations]"
Add component (AddParameter): Name = "Check_prices"; Value = "https://www.snapeda.com/parts/ERJ-6GEYJ103V/Panasonic+Electronic+Components/view-part/?ref=eda"; VariantName = "[No Variations]"
Add component (AddParameter): Name = "MF"; Value = "Panasonic Electronic"; VariantName = "[No Variations]"
Add component (AddParameter): Name = "MP"; Value = "ERJ-6GEYJ103V"; VariantName = "[No Variations]"
Add component (AddParameter): Name = "Package"; Value = "805-2 Panasonic"; VariantName = "[No Variations]"
Add component (AddParameter): Name = "Price"; Value = "None"; VariantName = "[No Variations]"
Add component (AddParameter): Name = "Purchase-URL"; Value = "https://pricing.snapeda.com/search/part/ERJ-6GEYJ103V/?ref=eda"; VariantName = "[No Variations]"
Add component (AddParameter): Name = "SnapEDA_Link"; Value = "https://www.snapeda.com/parts/ERJ-6GEYJ103V/Panasonic+Electronic+Components/view-part/?ref=snap"; VariantName = "[No Variations]"
Add component (AddParameter): Name = "Value"; Value = ""; VariantName = "[No Variations]"
Added Component: Designator=R?(RES 0805 10K/0.25W 5%)
Add component (AddParameter): Name = "Availability"; Value = "In Stock"; VariantName = "[No Variations]"
Add component (AddParameter): Name = "Check_prices"; Value = "https://www.snapeda.com/parts/ERJ-6GEYJ103V/Panasonic+Electronic+Components/view-part/?ref=eda"; VariantName = "[No Variations]"
Add component (AddParameter): Name = "MF"; Value = "Panasonic Electronic"; VariantName = "[No Variations]"
Add component (AddParameter): Name = "MP"; Value = "ERJ-6GEYJ103V"; VariantName = "[No Variations]"
Add component (AddParameter): Name = "Package"; Value = "805-2 Panasonic"; VariantName = "[No Variations]"
Add component (AddParameter): Name = "Price"; Value = "None"; VariantName = "[No Variations]"
Add component (AddParameter): Name = "Purchase-URL"; Value = "https://pricing.snapeda.com/search/part/ERJ-6GEYJ103V/?ref=eda"; VariantName = "[No Variations]"
Add component (AddParameter): Name = "SnapEDA_Link"; Value = "https://www.snapeda.com/parts/ERJ-6GEYJ103V/Panasonic+Electronic+Components/view-part/?ref=snap"; VariantName = "[No Variations]"
Add component (AddParameter): Name = "Value"; Value = ""; VariantName = "[No Variations]"
Added Component: Designator=R?(RES 0805 10K/0.25W 5%)
Add component (AddParameter): Name = "Availability"; Value = "In Stock"; VariantName = "[No Variations]"
Add component (AddParameter): Name = "Check_prices"; Value = "https://www.snapeda.com/parts/ERJ-6GEYJ103V/Panasonic+Electronic+Components/view-part/?ref=eda"; VariantName = "[No Variations]"
Add component (AddParameter): Name = "MF"; Value = "Panasonic Electronic"; VariantName = "[No Variations]"
Add component (AddParameter): Name = "MP"; Value = "ERJ-6GEYJ103V"; VariantName = "[No Variations]"
Add component (AddParameter): Name = "Package"; Value = "805-2 Panasonic"; VariantName = "[No Variations]"
Add component (AddParameter): Name = "Price"; Value = "None"; VariantName = "[No Variations]"
Add component (AddParameter): Name = "Purchase-URL"; Value = "https://pricing.snapeda.com/search/part/ERJ-6GEYJ103V/?ref=eda"; VariantName = "[No Variations]"
Add component (AddParameter): Name = "SnapEDA_Link"; Value = "https://www.snapeda.com/parts/ERJ-6GEYJ103V/Panasonic+Electronic+Components/view-part/?ref=snap"; VariantName = "[No Variations]"
Add component (AddParameter): Name = "Value"; Value = ""; VariantName = "[No Variations]"
Added Component: Designator=R?(RES 0805 10K/0.25W 5%)
Add component (AddParameter): Name = "Availability"; Value = "In Stock"; VariantName = "[No Variations]"
Add component (AddParameter): Name = "Check_prices"; Value = "https://www.snapeda.com/parts/ERJ-6GEYJ103V/Panasonic+Electronic+Components/view-part/?ref=eda"; VariantName = "[No Variations]"
Add component (AddParameter): Name = "MF"; Value = "Panasonic Electronic"; VariantName = "[No Variations]"
Add component (AddParameter): Name = "MP"; Value = "ERJ-6GEYJ103V"; VariantName = "[No Variations]"
Add component (AddParameter): Name = "Package"; Value = "805-2 Panasonic"; VariantName = "[No Variations]"
Add component (AddParameter): Name = "Price"; Value = "None"; VariantName = "[No Variations]"
Add component (AddParameter): Name = "Purchase-URL"; Value = "https://pricing.snapeda.com/search/part/ERJ-6GEYJ103V/?ref=eda"; VariantName = "[No Variations]"
Add component (AddParameter): Name = "SnapEDA_Link"; Value = "https://www.snapeda.com/parts/ERJ-6GEYJ103V/Panasonic+Electronic+Components/view-part/?ref=snap"; VariantName = "[No Variations]"
Add component (AddParameter): Name = "Value"; Value = ""; VariantName = "[No Variations]"
Added Pin To Net: NetName=GND Pin=C?-N
Added Pin To Net: NetName=+5 Pin=C?-P
Added Pin To Net: NetName=GND Pin=J10-1
Added Pin To Net: NetName=SWO/sck1 Pin=J10-2
Added Pin To Net: NetName=INT Pin=J10-3
Added Pin To Net: NetName=SCS Pin=J10-4
Added Pin To Net: NetName=RST Pin=J10-5
Added Pin To Net: NetName=MOSI Pin=J10-6
Added Pin To Net: NetName=GND Pin=J10-7
Added Pin To Net: NetName=MISO Pin=J10-8
Added Pin To Net: NetName=+5 Pin=J10-9
Added Pin To Net: NetName=3V3 Pin=J10-10
Added Pin To Net: NetName=GND Pin=PS?-1
Added Pin To Net: NetName=+5 Pin=PS?-2
Added Pin To Net: NetName=SDA Pin=R57-1
Added Pin To Net: NetName=NetR18_2 Pin=R?-2
Added Pin To Net: NetName=NetR22_2 Pin=R?-2
Added Pin To Net: NetName=5VDC Pin=C?-2
Added Pin To Net: NetName=5VDC Pin=C?-P
Added Pin To Net: NetName=5VDC Pin=D3-C
Added Pin To Net: NetName=5VDC Pin=D7-C
Added Pin To Net: NetName=5VDC Pin=K1-COIL1
Added Pin To Net: NetName=5VDC Pin=K2-COIL1
Added Pin To Net: NetName=5VDC Pin=PS?-4
Added Pin To Net: NetName=5VDC Pin=R2-2
Added Pin To Net: NetName=5VDC Pin=R10-2
Added Pin To Net: NetName=5VDC Pin=R?-1
Added Pin To Net: NetName=5VDC Pin=R?-1
Added Pin To Net: NetName=5VDC Pin=U1-4
Added Pin To Net: NetName=5VDC Pin=U2-4
Added Net: Name=5VDC
Added Pin To Net: NetName=ERTH Pin=C?-1
Added Pin To Net: NetName=ERTH Pin=C?-N
Added Pin To Net: NetName=ERTH Pin=J?-1
Added Pin To Net: NetName=ERTH Pin=J?-1
Added Pin To Net: NetName=ERTH Pin=PS?-3
Added Pin To Net: NetName=ERTH Pin=Q1-2
Added Pin To Net: NetName=ERTH Pin=Q2-2
Added Pin To Net: NetName=ERTH Pin=R6-1
Added Pin To Net: NetName=ERTH Pin=R13-1
Added Pin To Net: NetName=ERTH Pin=R?-1
Added Pin To Net: NetName=ERTH Pin=R?-1
Added Net: Name=ERTH
Added Pin To Net: NetName=NetJ?_2 Pin=J?-2
Added Pin To Net: NetName=NetJ?_2 Pin=R?-2
Added Pin To Net: NetName=NetJ?_2 Pin=U5-2
Added Net: Name=NetJ?_2
Add Net: Net with name "NetJ?_2" already exists
Added Pin To Net: NetName=NetJ?_3 Pin=J?-3
Added Pin To Net: NetName=NetJ?_3 Pin=R22-1
Added Net: Name=NetJ?_3
Add Net: Net with name "NetJ?_3" already exists
Added Member To Class: ClassName=QR_Scanning2_V1_STM32 Member=Component C? CAP 0.1uF 50V 0805
Added Member To Class: ClassName=QR_Scanning2_V1_STM32 Member=Component C? CAP ELE 10µF 25V TH
Added Member To Class: ClassName=QR_Scanning2_V1_STM32 Member=Component C? CAP ELE 10µF 25V TH
Added Member To Class: ClassName=QR_Scanning1_V1_STM32 Member=Component J10 10 Pin 5X2Pos THT
Added Member To Class: ClassName=QR_Scanning_V1_STM32 Member=Component J? 3 Pin Terminal Block 5MM RA
Added Member To Class: ClassName=QR_Scanning_V1_STM32 Member=Component J? 3 Pin Terminal Block 5MM RA
Added Member To Class: ClassName=QR_Scanning2_V1_STM32 Member=Component PS? RFM-0505S SIP4
Added Member To Class: ClassName=QR_Scanning1_V1_STM32 Member=Component R39 RES 10K 0.25W 5% 0805
Added Member To Class: ClassName=QR_Scanning_V1_STM32 Member=Component R? RES 0E 0.25W 5% 0805
Added Member To Class: ClassName=QR_Scanning_V1_STM32 Member=Component R? RES 15K 0.25W 5% 0805
Added Member To Class: ClassName=QR_Scanning_V1_STM32 Member=Component R? RES 15K 0.25W 5% 0805
Added Member To Class: ClassName=QR_Scanning_V1_STM32 Member=Component R? RES 0E 0.25W 5% 0805
Added Rule: Name=Schematic Supply Nets_3
Added Rule: Name=Schematic Supply Nets_9
